       ifx            fxx            fyy            fzz            fxy            fxz            fyz     
/%
        1.00000        0.00914        0.01182       64.10527        0.01090        0.08382        0.11966
/%
       ifx            exx            eyy            ezz            exy            exz            eyz     
/%
        1.00000       -0.03853       -0.03780        0.15000        0.00014        0.00032        0.00111
/%
       ifx            fxx            fyy            fzz            fxy            fxz            fyz     
/%
        2.00000        0.00903       63.23864        0.01129       -0.00147       -0.03659        0.17935
/%
       ifx            exx            eyy            ezz            exy            exz            eyz     
/%
        2.00000       -0.03854        0.15000       -0.03729       -0.00070       -0.00023        0.00109
/%
       ifx            fxx            fyy            fzz            fxy            fxz            fyz     
/%
        3.00000       62.61183        0.01116        0.01137       -0.06387        0.09486       -0.00418
/%
       ifx            exx            eyy            ezz            exy            exz            eyz     
/%
        3.00000        0.15000       -0.03815       -0.03763       -0.00051        0.00050       -0.00041
/%
       ifx            fxx            fyy            fzz            fxy            fxz            fyz     
/%
        4.00000       -0.13168       -0.11531       -0.06906       16.40455        0.22760        0.06809
/%
       ifx            exx            eyy            ezz            exy            exz            eyz     
/%
        4.00000       -0.00024       -0.00030        0.00000        0.10000        0.00118        0.00034
/%
       ifx            fxx            fyy            fzz            fxy            fxz            fyz     
/%
        5.00000        0.08775        0.04413        0.07179        0.20213       16.62966       -0.05295
/%
       ifx            exx            eyy            ezz            exy            exz            eyz     
/%
        5.00000        0.00011        0.00000        0.00005        0.00106        0.10000       -0.00087
/%
       ifx            fxx            fyy            fzz            fxy            fxz            fyz     
/%
        6.00000        0.16920        0.27027        0.21114        0.08046       -0.06658       16.70074
/%
       ifx            exx            eyy            ezz            exy            exz            eyz     
/%
        6.00000        0.00000        0.00039        0.00037        0.00040       -0.00096        0.10000
/%
        0.59844        0.40156
	/%
