       ifx            fxx            fyy            fzz            fxy            fxz            fyz     
/%
        1.00000        0.01034        0.00825       62.24880       -0.02051       -0.24418        0.05011
/%
       ifx            exx            eyy            ezz            exy            exz            eyz     
/%
        1.00000       -0.03844       -0.03761        0.15000        0.00026       -0.00175        0.00069
/%
       ifx            fxx            fyy            fzz            fxy            fxz            fyz     
/%
        2.00000        0.01089       63.36606        0.01173       -0.00186        0.07885       -0.23395
/%
       ifx            exx            eyy            ezz            exy            exz            eyz     
/%
        2.00000       -0.03805        0.15000       -0.03828       -0.00030        0.00069       -0.00180
/%
       ifx            fxx            fyy            fzz            fxy            fxz            fyz     
/%
        3.00000       62.79124        0.00822        0.01139       -0.05184       -0.17101        0.00993
/%
       ifx            exx            eyy            ezz            exy            exz            eyz     
/%
        3.00000        0.15000       -0.03771       -0.03878       -0.00081       -0.00131        0.00021
/%
       ifx            fxx            fyy            fzz            fxy            fxz            fyz     
/%
        4.00000       -0.12973       -0.07312       -0.08554       16.53334       -0.11760       -0.18178
/%
       ifx            exx            eyy            ezz            exy            exz            eyz     
/%
        4.00000       -0.00030       -0.00013        0.00000        0.10000       -0.00052       -0.00122
/%
       ifx            fxx            fyy            fzz            fxy            fxz            fyz     
/%
        5.00000       -0.31524       -0.17327       -0.29917       -0.12225       16.41058       -0.05891
/%
       ifx            exx            eyy            ezz            exy            exz            eyz     
/%
        5.00000       -0.00051        0.00000       -0.00051       -0.00057        0.10000       -0.00038
/%
       ifx            fxx            fyy            fzz            fxy            fxz            fyz     
/%
        6.00000       -0.08224       -0.20593       -0.03923       -0.16843       -0.05083       16.33846
/%
       ifx            exx            eyy            ezz            exy            exz            eyz     
/%
        6.00000        0.00000       -0.00053        0.00018       -0.00116       -0.00032        0.10000
/%
        0.60188        0.39812
	/%
