       ifx            fxx            fyy            fzz            fxy            fxz            fyz     
/%
        1.00000        0.01153        0.01225       63.14162        0.02081        0.05428        0.08735
/%
       ifx            exx            eyy            ezz            exy            exz            eyz     
/%
        1.00000       -0.03852       -0.03817        0.15000        0.00012        0.00015        0.00083
/%
       ifx            fxx            fyy            fzz            fxy            fxz            fyz     
/%
        2.00000        0.01146       62.52330        0.01715       -0.01065       -0.01600        0.12954
/%
       ifx            exx            eyy            ezz            exy            exz            eyz     
/%
        2.00000       -0.03856        0.15000       -0.03779       -0.00057       -0.00012        0.00083
/%
       ifx            fxx            fyy            fzz            fxy            fxz            fyz     
/%
        3.00000       62.27276        0.01245        0.01759       -0.07109        0.05542        0.00548
/%
       ifx            exx            eyy            ezz            exy            exz            eyz     
/%
        3.00000        0.15000       -0.03841       -0.03798       -0.00047        0.00022       -0.00034
/%
       ifx            fxx            fyy            fzz            fxy            fxz            fyz     
/%
        4.00000       -0.11659       -0.09295       -0.05539       16.39314        0.17236        0.05149
/%
       ifx            exx            eyy            ezz            exy            exz            eyz     
/%
        4.00000       -0.00021       -0.00024        0.00000        0.10000        0.00089        0.00020
/%
       ifx            fxx            fyy            fzz            fxy            fxz            fyz     
/%
        5.00000        0.05732        0.02840        0.04487        0.14977       16.53835       -0.03621
/%
       ifx            exx            eyy            ezz            exy            exz            eyz     
/%
        5.00000        0.00005        0.00000        0.00002        0.00076        0.10000       -0.00063
/%
       ifx            fxx            fyy            fzz            fxy            fxz            fyz     
/%
        6.00000        0.12813        0.18110        0.15466        0.05631       -0.06310       16.55881
/%
       ifx            exx            eyy            ezz            exy            exz            eyz     
/%
        6.00000        0.00000        0.00026        0.00028        0.00022       -0.00079        0.10000
/%
        0.60176        0.39824
	/%
