       ifx            fxx            fyy            fzz            fxy            fxz            fyz     
/%
        1.00000        0.01224        0.01266       77.20646       -0.02494        0.15163        0.06190
/%
       ifx            exx            eyy            ezz            exy            exz            eyz     
/%
        1.00000       -0.03578       -0.03563        0.15000        0.00019        0.00041       -0.00003
/%
       ifx            fxx            fyy            fzz            fxy            fxz            fyz     
/%
        2.00000        0.01251       77.38989        0.01852       -0.05215       -0.04778        0.05394
/%
       ifx            exx            eyy            ezz            exy            exz            eyz     
/%
        2.00000       -0.03577        0.15000       -0.03571       -0.00082        0.00002       -0.00007
/%
       ifx            fxx            fyy            fzz            fxy            fxz            fyz     
/%
        3.00000       77.20341        0.01273        0.01820        0.10456        0.05711       -0.02090
/%
       ifx            exx            eyy            ezz            exy            exz            eyz     
/%
        3.00000        0.15000       -0.03569       -0.03577       -0.00010       -0.00020        0.00009
/%
       ifx            fxx            fyy            fzz            fxy            fxz            fyz     
/%
        4.00000        0.00556       -0.05372       -0.05167       20.73815        0.05159        0.07011
/%
       ifx            exx            eyy            ezz            exy            exz            eyz     
/%
        4.00000       -0.00011       -0.00023        0.00000        0.10000        0.00011        0.00017
/%
       ifx            fxx            fyy            fzz            fxy            fxz            fyz     
/%
        5.00000        0.08834        0.02278        0.15173        0.06532       20.69747        0.00369
/%
       ifx            exx            eyy            ezz            exy            exz            eyz     
/%
        5.00000       -0.00004        0.00000        0.00015        0.00018        0.10000       -0.00038
/%
       ifx            fxx            fyy            fzz            fxy            fxz            fyz     
/%
        6.00000        0.00663        0.09467        0.05677        0.07556        0.00299       20.73020
/%
       ifx            exx            eyy            ezz            exy            exz            eyz     
/%
        6.00000        0.00000        0.00006       -0.00003        0.00021       -0.00039        0.10000
/%
        0.78617        0.21383
	/%
