       ifx            fxx            fyy            fzz            fxy            fxz            fyz     
/%
        1.00000        0.01674        0.01817       88.94173       -0.00133       -0.11037        0.04337
/%
       ifx            exx            eyy            ezz            exy            exz            eyz     
/%
        1.00000       -0.03405       -0.03401        0.15000       -0.00009       -0.00078        0.00012
/%
       ifx            fxx            fyy            fzz            fxy            fxz            fyz     
/%
        2.00000        0.01631       89.17344        0.01919       -0.01732        0.00083       -0.04591
/%
       ifx            exx            eyy            ezz            exy            exz            eyz     
/%
        2.00000       -0.03402        0.15000       -0.03409       -0.00007        0.00015       -0.00041
/%
       ifx            fxx            fyy            fzz            fxy            fxz            fyz     
/%
        3.00000       89.10312        0.01741        0.01939        0.12303        0.03973       -0.01187
/%
       ifx            exx            eyy            ezz            exy            exz            eyz     
/%
        3.00000        0.15000       -0.03399       -0.03410        0.00058        0.00010        0.00005
/%
       ifx            fxx            fyy            fzz            fxy            fxz            fyz     
/%
        4.00000        0.12321        0.04259        0.04941       24.21013       -0.01446       -0.04131
/%
       ifx            exx            eyy            ezz            exy            exz            eyz     
/%
        4.00000        0.00019        0.00000        0.00000        0.10000       -0.00010       -0.00026
/%
       ifx            fxx            fyy            fzz            fxy            fxz            fyz     
/%
        5.00000       -0.01872       -0.04732       -0.09470       -0.02965       24.15973        0.07608
/%
       ifx            exx            eyy            ezz            exy            exz            eyz     
/%
        5.00000        0.00001        0.00000       -0.00022       -0.00016        0.10000        0.00028
/%
       ifx            fxx            fyy            fzz            fxy            fxz            fyz     
/%
        6.00000       -0.02842       -0.06724        0.01077       -0.05931        0.06619       24.17650
/%
       ifx            exx            eyy            ezz            exy            exz            eyz     
/%
        6.00000        0.00000       -0.00017        0.00005       -0.00033        0.00024        0.10000
/%
        0.91481        0.08519
	/%
