       ifx            fxx            fyy            fzz            fxy            fxz            fyz     
/%
        1.00000        0.01069        0.00902       62.79001       -0.04933       -0.25443        0.06090
/%
       ifx            exx            eyy            ezz            exy            exz            eyz     
/%
        1.00000       -0.03787       -0.03860        0.15000        0.00011       -0.00118        0.00079
/%
       ifx            fxx            fyy            fzz            fxy            fxz            fyz     
/%
        2.00000        0.01051       62.66178        0.01098        0.07306        0.12698       -0.05589
/%
       ifx            exx            eyy            ezz            exy            exz            eyz     
/%
        2.00000       -0.03752        0.15000       -0.03852       -0.00013        0.00032       -0.00020
/%
       ifx            fxx            fyy            fzz            fxy            fxz            fyz     
/%
        3.00000       63.50157        0.00923        0.01132        0.11829       -0.38450        0.00906
/%
       ifx            exx            eyy            ezz            exy            exz            eyz     
/%
        3.00000        0.15000       -0.03803       -0.03830        0.00028       -0.00126       -0.00018
/%
       ifx            fxx            fyy            fzz            fxy            fxz            fyz     
/%
        4.00000        0.06776        0.02642       -0.01835       16.44664       -0.00172       -0.28735
/%
       ifx            exx            eyy            ezz            exy            exz            eyz     
/%
        4.00000        0.00002       -0.00010        0.00000        0.10000        0.00015       -0.00128
/%
       ifx            fxx            fyy            fzz            fxy            fxz            fyz     
/%
        5.00000       -0.47260       -0.14646       -0.36808        0.05799       16.57471        0.12885
/%
       ifx            exx            eyy            ezz            exy            exz            eyz     
/%
        5.00000       -0.00053        0.00000       -0.00037        0.00060        0.10000        0.00062
/%
       ifx            fxx            fyy            fzz            fxy            fxz            fyz     
/%
        6.00000        0.02883       -0.01542        0.01034       -0.30578        0.10816       16.47658
/%
       ifx            exx            eyy            ezz            exy            exz            eyz     
/%
        6.00000        0.00000        0.00002        0.00011       -0.00140        0.00050        0.10000
/%
        0.60620        0.39380
	/%
