       ifx            fxx            fyy            fzz            fxy            fxz            fyz     
/%
        1.00000        0.01717        0.01917       73.73837       -0.02199        0.19431       -0.03693
/%
       ifx            exx            eyy            ezz            exy            exz            eyz     
/%
        1.00000       -0.03632       -0.03626        0.15000        0.00005        0.00042       -0.00072
/%
       ifx            fxx            fyy            fzz            fxy            fxz            fyz     
/%
        2.00000        0.01720       73.80688        0.01602        0.09117       -0.05291       -0.08749
/%
       ifx            exx            eyy            ezz            exy            exz            eyz     
/%
        2.00000       -0.03634        0.15000       -0.03630       -0.00003       -0.00003       -0.00108
/%
       ifx            fxx            fyy            fzz            fxy            fxz            fyz     
/%
        3.00000       73.72240        0.01835        0.01646        0.02922        0.14329       -0.00169
/%
       ifx            exx            eyy            ezz            exy            exz            eyz     
/%
        3.00000        0.15000       -0.03629       -0.03631        0.00001        0.00026        0.00041
/%
       ifx            fxx            fyy            fzz            fxy            fxz            fyz     
/%
        4.00000        0.05734        0.05690        0.00902       19.77457       -0.09092        0.16094
/%
       ifx            exx            eyy            ezz            exy            exz            eyz     
/%
        4.00000        0.00006       -0.00006        0.00000        0.10000       -0.00069        0.00043
/%
       ifx            fxx            fyy            fzz            fxy            fxz            fyz     
/%
        5.00000        0.20153        0.07452        0.22951       -0.08078       19.75151        0.05345
/%
       ifx            exx            eyy            ezz            exy            exz            eyz     
/%
        5.00000        0.00014        0.00000        0.00017       -0.00065        0.10000        0.00005
/%
       ifx            fxx            fyy            fzz            fxy            fxz            fyz     
/%
        6.00000       -0.12190       -0.14624       -0.13067        0.14459        0.04885       19.76975
/%
       ifx            exx            eyy            ezz            exy            exz            eyz     
/%
        6.00000        0.00000       -0.00035       -0.00027        0.00037        0.00004        0.10000
/%
        0.74468        0.25532
	/%
