       ifx            fxx            fyy            fzz            fxy            fxz            fyz     
/%
        1.00000        0.01863        0.01846       78.13289       -0.00814        0.20049        0.00886
/%
       ifx            exx            eyy            ezz            exy            exz            eyz     
/%
        1.00000       -0.03562       -0.03559        0.15000        0.00008        0.00048       -0.00046
/%
       ifx            fxx            fyy            fzz            fxy            fxz            fyz     
/%
        2.00000        0.01808       78.14403        0.01582        0.04054       -0.04825       -0.10170
/%
       ifx            exx            eyy            ezz            exy            exz            eyz     
/%
        2.00000       -0.03562        0.15000       -0.03560       -0.00013       -0.00003       -0.00111
/%
       ifx            fxx            fyy            fzz            fxy            fxz            fyz     
/%
        3.00000       78.07461        0.01746        0.01607       -0.01333        0.15286       -0.00886
/%
       ifx            exx            eyy            ezz            exy            exz            eyz     
/%
        3.00000        0.15000       -0.03559       -0.03560       -0.00019        0.00030        0.00033
/%
       ifx            fxx            fyy            fzz            fxy            fxz            fyz     
/%
        4.00000       -0.01820        0.00564       -0.01705       21.01756       -0.06597        0.18213
/%
       ifx            exx            eyy            ezz            exy            exz            eyz     
/%
        4.00000       -0.00006       -0.00006        0.00000        0.10000       -0.00057        0.00053
/%
       ifx            fxx            fyy            fzz            fxy            fxz            fyz     
/%
        5.00000        0.21065        0.08017        0.23895       -0.07003       21.01121        0.01092
/%
       ifx            exx            eyy            ezz            exy            exz            eyz     
/%
        5.00000        0.00015        0.00000        0.00019       -0.00059        0.10000       -0.00009
/%
       ifx            fxx            fyy            fzz            fxy            fxz            fyz     
/%
        6.00000       -0.10633       -0.14624       -0.08284        0.16510       -0.00569       21.03291
/%
       ifx            exx            eyy            ezz            exy            exz            eyz     
/%
        6.00000        0.00000       -0.00037       -0.00017        0.00047       -0.00017        0.10000
/%
        0.79520        0.20480
	/%
