       ifx            fxx            fyy            fzz            fxy            fxz            fyz     
/%
        1.00000        0.10100        0.08634       78.13644        0.00637       -0.03371        0.05000
/%
       ifx            exx            eyy            ezz            exy            exz            eyz     
/%
        1.00000       -0.03568       -0.03540        0.15000        0.00003       -0.00018        0.00058
/%
       ifx            fxx            fyy            fzz            fxy            fxz            fyz     
/%
        2.00000        0.10476       77.90310        0.10451       -0.02501        0.00188        0.22735
/%
       ifx            exx            eyy            ezz            exy            exz            eyz     
/%
        2.00000       -0.03568        0.15000       -0.03526       -0.00032        0.00013        0.00096
/%
       ifx            fxx            fyy            fzz            fxy            fxz            fyz     
/%
        3.00000       77.60647        0.08556        0.10268        0.02318        0.00083       -0.02201
/%
       ifx            exx            eyy            ezz            exy            exz            eyz     
/%
        3.00000        0.15000       -0.03558       -0.03544       -0.00010       -0.00037       -0.00028
/%
       ifx            fxx            fyy            fzz            fxy            fxz            fyz     
/%
        4.00000       -0.05965       -0.05974       -0.02729       20.74965        0.17282       -0.02218
/%
       ifx            exx            eyy            ezz            exy            exz            eyz     
/%
        4.00000       -0.00012       -0.00012        0.00000        0.10000        0.00077       -0.00015
/%
       ifx            fxx            fyy            fzz            fxy            fxz            fyz     
/%
        5.00000       -0.02180       -0.02987       -0.01950        0.18994       20.87378        0.02611
/%
       ifx            exx            eyy            ezz            exy            exz            eyz     
/%
        5.00000       -0.00012        0.00000       -0.00003        0.00085        0.10000       -0.00020
/%
       ifx            fxx            fyy            fzz            fxy            fxz            fyz     
/%
        6.00000        0.11981        0.25251        0.15284       -0.03340       -0.01030       20.88608
/%
       ifx            exx            eyy            ezz            exy            exz            eyz     
/%
        6.00000        0.00000        0.00032        0.00023       -0.00021       -0.00037        0.10000
/%
        0.79055        0.20945
	/%
