       ifx            fxx            fyy            fzz            fxy            fxz            fyz     
/% R:\166_320\Ablage_Simulationen\ME-Simulationen-MaVo-CS3\2016-04-14_50sph_volf60_pores4
        1.00000        0.06358        0.06815       56.09355        0.02219       -0.15288        0.09721
/%
       ifx            exx            eyy            ezz            exy            exz            eyz     
/%
        1.00000       -0.03749       -0.03780        0.15000        0.00075       -0.00256       -0.00071
/%
       ifx            fxx            fyy            fzz            fxy            fxz            fyz     
/%
        2.00000        0.06332       56.35394        0.06466        0.16783       -0.00387        0.01669
/%
       ifx            exx            eyy            ezz            exy            exz            eyz     
/%
        2.00000       -0.03748        0.15000       -0.03799       -0.00090        0.00096        0.00013
/%
       ifx            fxx            fyy            fzz            fxy            fxz            fyz     
/%
        3.00000       56.51628        0.06783        0.06481        0.03151        0.02068        0.03313
/%
       ifx            exx            eyy            ezz            exy            exz            eyz     
/%
        3.00000        0.15000       -0.03758       -0.03777       -0.00065       -0.00151        0.00030
/%
       ifx            fxx            fyy            fzz            fxy            fxz            fyz     
/%
        4.00000        0.05667        0.05938       -0.03535       14.70656        0.02401       -0.20994
/%
       ifx            exx            eyy            ezz            exy            exz            eyz     
/%
        4.00000       -0.00010       -0.00041        0.00000        0.10000       -0.00039       -0.00179
/%
       ifx            fxx            fyy            fzz            fxy            fxz            fyz     
/%
        5.00000       -0.21094       -0.21836       -0.28530        0.01577       14.77686       -0.04769
/%
       ifx            exx            eyy            ezz            exy            exz            eyz     
/%
        5.00000       -0.00067        0.00000       -0.00084       -0.00044        0.10000       -0.00045
/%
       ifx            fxx            fyy            fzz            fxy            fxz            fyz     
/%
        6.00000        0.00400        0.03734       -0.01544       -0.22491        0.00852       14.69062
/%
       ifx            exx            eyy            ezz            exy            exz            eyz     
/%
        6.00000        0.00000        0.00012       -0.00047       -0.00191       -0.00004        0.10000
/%
        0.59138        0.37378
	/%
