       ifx            fxx            fyy            fzz            fxy            fxz            fyz     
/% source: R:\166_320\Ablage_Simulationen\Modellbildung_Simulation_CMC-SiC_[Vorlauf+WiMi+MaVo]\04_04_2017_Modellierung_Matrix_mikro_ditt_[WiMi]\1_Volumenanteil-SiC-Si_ELC\Poren-Corner-Edges-Faces\50-48-2
        1.00000        0.01308        0.01284       39.58862       -0.02270       -0.08423       -0.11978
/%
       ifx            exx            eyy            ezz            exy            exz            eyz     
/%
        1.00000       -0.02913       -0.02917        0.15000       -0.00008        0.00013       -0.00081
/%
       ifx            fxx            fyy            fzz            fxy            fxz            fyz     
/%
        2.00000        0.01372       39.48646        0.01330        0.07639        0.01768       -0.04186
/%
       ifx            exx            eyy            ezz            exy            exz            eyz     
/%
        2.00000       -0.02924        0.15000       -0.02910       -0.00062       -0.00024       -0.00105
/%
       ifx            fxx            fyy            fzz            fxy            fxz            fyz     
/%
        3.00000       39.51905        0.01270        0.01341       -0.01324       -0.11148       -0.00442
/%
       ifx            exx            eyy            ezz            exy            exz            eyz     
/%
        3.00000        0.15000       -0.02926       -0.02908       -0.00072       -0.00042        0.00013
/%
       ifx            fxx            fyy            fzz            fxy            fxz            fyz     
/%
        4.00000       -0.00566        0.02916       -0.00711       10.97542       -0.06989       -0.06508
/%
       ifx            exx            eyy            ezz            exy            exz            eyz     
/%
        4.00000       -0.00020       -0.00027        0.00000        0.10000       -0.00057       -0.00030
/%
       ifx            fxx            fyy            fzz            fxy            fxz            fyz     
/%
        5.00000       -0.10396       -0.00775       -0.08173       -0.10346       10.96401       -0.01700
/%
       ifx            exx            eyy            ezz            exy            exz            eyz     
/%
        5.00000       -0.00016        0.00000        0.00000       -0.00090        0.10000       -0.00062
/%
       ifx            fxx            fyy            fzz            fxy            fxz            fyz     
/%
        6.00000       -0.03833       -0.07539       -0.06716       -0.07742       -0.02414       10.95216
/%
       ifx            exx            eyy            ezz            exy            exz            eyz     
/%
        6.00000        0.00000       -0.00040       -0.00010       -0.00041       -0.00066        0.10000
/%
        0.49970        0.48499        0.00000        0.01531
	/%
