       ifx            fxx            fyy            fzz            fxy            fxz            fyz     
/% R:\166_320\Ablage_Simulationen\ME-Simulationen-MaVo-CS3\2016-09-23_150prism_vol85
        1.00000        0.02312        0.02532       83.96603       -0.00230        0.05112        0.03702
/%
       ifx            exx            eyy            ezz            exy            exz            eyz     
/%
        1.00000       -0.03474       -0.03466        0.15000       -0.00016       -0.00033        0.00003
/%
       ifx            fxx            fyy            fzz            fxy            fxz            fyz     
/%
        2.00000        0.02199       84.21640        0.02057        0.02809       -0.02373       -0.02538
/%
       ifx            exx            eyy            ezz            exy            exz            eyz     
/%
        2.00000       -0.03472        0.15000       -0.03477        0.00011        0.00011       -0.00054
/%
       ifx            fxx            fyy            fzz            fxy            fxz            fyz     
/%
        3.00000       84.08167        0.02475        0.02067        0.11001        0.07577       -0.01981
/%
       ifx            exx            eyy            ezz            exy            exz            eyz     
/%
        3.00000        0.15000       -0.03466       -0.03479        0.00061        0.00020        0.00012
/%
       ifx            fxx            fyy            fzz            fxy            fxz            fyz     
/%
        4.00000        0.11277        0.06444        0.05977       22.76478       -0.01235        0.04059
/%
       ifx            exx            eyy            ezz            exy            exz            eyz     
/%
        4.00000        0.00018        0.00004        0.00000        0.10000       -0.00015       -0.00001
/%
       ifx            fxx            fyy            fzz            fxy            fxz            fyz     
/%
        5.00000        0.07631       -0.00219        0.04740       -0.03656       22.70733        0.09965
/%
       ifx            exx            eyy            ezz            exy            exz            eyz     
/%
        5.00000        0.00008        0.00000       -0.00009       -0.00026        0.10000        0.00035
/%
       ifx            fxx            fyy            fzz            fxy            fxz            fyz     
/%
        6.00000       -0.04699       -0.07513        0.00587        0.03722        0.07396       22.74446
/%
       ifx            exx            eyy            ezz            exy            exz            eyz     
/%
        6.00000        0.00000       -0.00024        0.00004       -0.00002        0.00024        0.10000
/%
        0.86173        0.13827
	/%
