       ifx            fxx            fyy            fzz            fxy            fxz            fyz     
/% source: R:\166_320\Ablage_Simulationen\ME-Simulationen-MaVo-CS3\2017-03-22_vol75_modCo
        1.00000        0.01525        0.01596       62.04495       -0.04000        0.20561        0.04192
/%
       ifx            exx            eyy            ezz            exy            exz            eyz     
/%
        1.00000       -0.03848       -0.03841        0.15000        0.00019        0.00035       -0.00022
/%
       ifx            fxx            fyy            fzz            fxy            fxz            fyz     
/%
        2.00000        0.01377       62.18604        0.01749        0.05013       -0.05199        0.11667
/%
       ifx            exx            eyy            ezz            exy            exz            eyz     
/%
        2.00000       -0.03829        0.15000       -0.03850       -0.00048        0.00003       -0.00003
/%
       ifx            fxx            fyy            fzz            fxy            fxz            fyz     
/%
        3.00000       62.07361        0.01715        0.01792        0.04521        0.09476       -0.03347
/%
       ifx            exx            eyy            ezz            exy            exz            eyz     
/%
        3.00000        0.15000       -0.03821       -0.03849       -0.00026        0.00002        0.00016
/%
       ifx            fxx            fyy            fzz            fxy            fxz            fyz     
/%
        4.00000        0.01736       -0.00827       -0.04315       16.39065        0.06258        0.14927
/%
       ifx            exx            eyy            ezz            exy            exz            eyz     
/%
        4.00000       -0.00005       -0.00022        0.00000        0.10000        0.00005        0.00036
/%
       ifx            fxx            fyy            fzz            fxy            fxz            fyz     
/%
        5.00000        0.15184        0.05642        0.20979        0.06343       16.42879       -0.00811
/%
       ifx            exx            eyy            ezz            exy            exz            eyz     
/%
        5.00000        0.00005        0.00000        0.00014        0.00006        0.10000       -0.00039
/%
       ifx            fxx            fyy            fzz            fxy            fxz            fyz     
/%
        6.00000       -0.00366        0.07343        0.05966        0.14478        0.00291       16.46105
/%
       ifx            exx            eyy            ezz            exy            exz            eyz     
/%
        6.00000        0.00000       -0.00005       -0.00003        0.00031       -0.00031        0.10000
/%
        0.60364        0.39636
	/%
