       ifx            fxx            fyy            fzz            fxy            fxz            fyz     
/%
        1.00000        0.01234        0.01308       63.82866        0.00572        0.06338        0.07347
/%
       ifx            exx            eyy            ezz            exy            exz            eyz     
/%
        1.00000       -0.03846       -0.03786        0.15000        0.00008        0.00016        0.00099
/%
       ifx            fxx            fyy            fzz            fxy            fxz            fyz     
/%
        2.00000        0.01292       63.26558        0.01682        0.00373       -0.02124        0.09993
/%
       ifx            exx            eyy            ezz            exy            exz            eyz     
/%
        2.00000       -0.03842        0.15000       -0.03752       -0.00048       -0.00016        0.00096
/%
       ifx            fxx            fyy            fzz            fxy            fxz            fyz     
/%
        3.00000       62.81042        0.01408        0.01709       -0.04916        0.05010        0.02343
/%
       ifx            exx            eyy            ezz            exy            exz            eyz     
/%
        3.00000        0.15000       -0.03814       -0.03784       -0.00030        0.00043       -0.00045
/%
       ifx            fxx            fyy            fzz            fxy            fxz            fyz     
/%
        4.00000       -0.10120       -0.08963       -0.05292       16.52292        0.17822        0.05210
/%
       ifx            exx            eyy            ezz            exy            exz            eyz     
/%
        4.00000       -0.00016       -0.00024        0.00000        0.10000        0.00100        0.00030
/%
       ifx            fxx            fyy            fzz            fxy            fxz            fyz     
/%
        5.00000        0.03524        0.02306        0.03746        0.14136       16.67724       -0.03905
/%
       ifx            exx            eyy            ezz            exy            exz            eyz     
/%
        5.00000        0.00007        0.00000        0.00000        0.00080        0.10000       -0.00063
/%
       ifx            fxx            fyy            fzz            fxy            fxz            fyz     
/%
        6.00000        0.14583        0.16901        0.15099        0.04770       -0.05865       16.71511
/%
       ifx            exx            eyy            ezz            exy            exz            eyz     
/%
        6.00000        0.00000        0.00029        0.00034        0.00026       -0.00074        0.10000
/%
        0.60066        0.39934
	/%
