       ifx            fxx            fyy            fzz            fxy            fxz            fyz     
/%
        1.00000        0.01808        0.01994       76.30094       -0.02290        0.21408       -0.03941
/%
       ifx            exx            eyy            ezz            exy            exz            eyz     
/%
        1.00000       -0.03626       -0.03620        0.15000        0.00006        0.00044       -0.00078
/%
       ifx            fxx            fyy            fzz            fxy            fxz            fyz     
/%
        2.00000        0.01793       76.37858        0.01661        0.10124       -0.05518       -0.09391
/%
       ifx            exx            eyy            ezz            exy            exz            eyz     
/%
        2.00000       -0.03628        0.15000       -0.03624       -0.00004       -0.00003       -0.00114
/%
       ifx            fxx            fyy            fzz            fxy            fxz            fyz     
/%
        3.00000       76.28505        0.01913        0.01676        0.03197        0.15818       -0.00353
/%
       ifx            exx            eyy            ezz            exy            exz            eyz     
/%
        3.00000        0.15000       -0.03624       -0.03625        0.00000        0.00027        0.00042
/%
       ifx            fxx            fyy            fzz            fxy            fxz            fyz     
/%
        4.00000        0.06312        0.06219        0.01026       20.46671       -0.09682        0.17435
/%
       ifx            exx            eyy            ezz            exy            exz            eyz     
/%
        4.00000        0.00006       -0.00006       -0.00000        0.10000       -0.00072        0.00044
/%
       ifx            fxx            fyy            fzz            fxy            fxz            fyz     
/%
        5.00000        0.21865        0.08141        0.24958       -0.08530       20.44124        0.05839
/%
       ifx            exx            eyy            ezz            exy            exz            eyz     
/%
        5.00000        0.00014        0.00000        0.00017       -0.00068        0.10000        0.00005
/%
       ifx            fxx            fyy            fzz            fxy            fxz            fyz     
/%
        6.00000       -0.13137       -0.15580       -0.13928        0.15604        0.05346       20.46125
/%
       ifx            exx            eyy            ezz            exy            exz            eyz     
/%
        6.00000       -0.00000       -0.00037       -0.00029        0.00038        0.00004        0.10000
/%
        0.74468        0.25532
	/%
