       ifx            fxx            fyy            fzz            fxy            fxz            fyz     
/%
        1.00000        0.00738        0.00861       77.53159       -0.04062        0.05628        0.21217
/%
       ifx            exx            eyy            ezz            exy            exz            eyz     
/%
        1.00000       -0.03551       -0.03531        0.15000        0.00006        0.00088        0.00066
/%
       ifx            fxx            fyy            fzz            fxy            fxz            fyz     
/%
        2.00000        0.00727       77.89446        0.00827       -0.00154        0.01456        0.21906
/%
       ifx            exx            eyy            ezz            exy            exz            eyz     
/%
        2.00000       -0.03567        0.15000       -0.03548       -0.00022       -0.00013        0.00069
/%
       ifx            fxx            fyy            fzz            fxy            fxz            fyz     
/%
        3.00000       77.71836        0.00901        0.00860        0.20874        0.02298       -0.08587
/%
       ifx            exx            eyy            ezz            exy            exz            eyz     
/%
        3.00000        0.15000       -0.03559       -0.03559        0.00048       -0.00047       -0.00015
/%
       ifx            fxx            fyy            fzz            fxy            fxz            fyz     
/%
        4.00000        0.18056        0.02593        0.00019       20.77218        0.14897        0.06967
/%
       ifx            exx            eyy            ezz            exy            exz            eyz     
/%
        4.00000        0.00024       -0.00016        0.00000        0.10000        0.00048        0.00006
/%
       ifx            fxx            fyy            fzz            fxy            fxz            fyz     
/%
        5.00000       -0.03699        0.03188        0.03776        0.17279       20.51612        0.11305
/%
       ifx            exx            eyy            ezz            exy            exz            eyz     
/%
        5.00000       -0.00027        0.00000        0.00028        0.00064        0.10000        0.00034
/%
       ifx            fxx            fyy            fzz            fxy            fxz            fyz     
/%
        6.00000        0.09865        0.28666        0.28777        0.04512        0.10014       20.57077
/%
       ifx            exx            eyy            ezz            exy            exz            eyz     
/%
        6.00000        0.00000        0.00027        0.00029       -0.00003        0.00032        0.10000
/%
        0.78514        0.21486
	/%
