       ifx            fxx            fyy            fzz            fxy            fxz            fyz     
/%
        1.00000        0.01248        0.01028       78.46136       -0.04344       -0.14855        0.16420
/%
       ifx            exx            eyy            ezz            exy            exz            eyz     
/%
        1.00000       -0.03558       -0.03559        0.15000       -0.00022       -0.00064        0.00025
/%
       ifx            fxx            fyy            fzz            fxy            fxz            fyz     
/%
        2.00000        0.01253       77.91626        0.01144        0.15467        0.01026        0.00360
/%
       ifx            exx            eyy            ezz            exy            exz            eyz     
/%
        2.00000       -0.03552        0.15000       -0.03534        0.00073        0.00016       -0.00021
/%
       ifx            fxx            fyy            fzz            fxy            fxz            fyz     
/%
        3.00000       78.24533        0.01070        0.01133        0.05877       -0.23457       -0.08076
/%
       ifx            exx            eyy            ezz            exy            exz            eyz     
/%
        3.00000        0.15000       -0.03567       -0.03548        0.00045       -0.00087        0.00011
/%
       ifx            fxx            fyy            fzz            fxy            fxz            fyz     
/%
        4.00000        0.13758        0.10958        0.04585       20.79347        0.00434       -0.27527
/%
       ifx            exx            eyy            ezz            exy            exz            eyz     
/%
        4.00000        0.00024        0.00010        0.00000        0.10000        0.00015       -0.00100
/%
       ifx            fxx            fyy            fzz            fxy            fxz            fyz     
/%
        5.00000       -0.30709       -0.14898       -0.25038        0.01032       20.94841        0.03629
/%
       ifx            exx            eyy            ezz            exy            exz            eyz     
/%
        5.00000       -0.00033        0.00000       -0.00023        0.00017        0.10000        0.00032
/%
       ifx            fxx            fyy            fzz            fxy            fxz            fyz     
/%
        6.00000       -0.03972        0.03914        0.08225       -0.27333        0.08975       20.79062
/%
       ifx            exx            eyy            ezz            exy            exz            eyz     
/%
        6.00000        0.00000        0.00000        0.00001       -0.00098        0.00058        0.10000
/%
0.79752 0.20248
	/%
