            ifx                 q_x                 q_y                 q_z     
  /% source: R:/166_320/Ablage_Simulationen/Modellbildung_Simulation_CMC-SiC_[Vorlauf+WiMi+MaVo]/04_04_2017_Modellierung_Matrix_mikro_ditt_[WiMi]/2_Waermeleitfähigket_SiC-Si\WLF-50SiC-Poren\6
             3.00000      -1781557.71676         -7526.33220         -3440.42177
  /%
            ifx                 dtx                 dty                 dtz     
  /%
             3.00000         15625.00000           -14.28028           -67.31045
  /%
            ifx                 q_x                 q_y                 q_z     
  /%
             2.00000         -5791.59079      -1788405.22566         -6978.82688
  /%
            ifx                 dtx                 dty                 dtz     
  /%
             2.00000           -21.54422         15625.00000            -6.96418
  /%
            ifx                 q_x                 q_y                 q_z     
  /%
             1.00000         -4695.75676        -13437.88917      -1779351.29989
  /%
            ifx                 dtx                 dty                 dtz     
  /%
             1.00000           -55.21543            42.41714         15625.00000
  /%
