       ifx            fxx            fyy            fzz            fxy            fxz            fyz     
/%
        3.00000       99.96483        0.01675        0.02206       -0.00064        0.00100        0.00025
/%
       ifx            exx            eyy            ezz            exy            exz            eyz     
/%
        3.00000        0.24202       -0.06218       -0.06216        0.00000        0.00001        0.00000
/%
       ifx            fxx            fyy            fzz            fxy            fxz            fyz     
/%
        3.00000       99.96226        0.01677        0.02094       -0.22541       -0.14741        0.08838
/%
       ifx            exx            eyy            ezz            exy            exz            eyz     
/%
        3.00000        0.24257       -0.06200       -0.06195       -0.00030       -0.00254        0.00049
/%
