       ifx            fxx            fyy            fzz            fxy            fxz            fyz     
/%
        1.00000        0.01121        0.00972       62.30026        0.05102       -0.23445       -0.06940
/%
       ifx            exx            eyy            ezz            exy            exz            eyz     
/%
        1.00000       -0.03807       -0.03847        0.15000        0.00030       -0.00218       -0.00130
/%
       ifx            fxx            fyy            fzz            fxy            fxz            fyz     
/%
        2.00000        0.01097       62.13963        0.01019       -0.11837       -0.00445       -0.06135
/%
       ifx            exx            eyy            ezz            exy            exz            eyz     
/%
        2.00000       -0.03794        0.15000       -0.03838       -0.00077        0.00077       -0.00017
/%
       ifx            fxx            fyy            fzz            fxy            fxz            fyz     
/%
        3.00000       62.73507        0.01042        0.00989       -0.23011       -0.08148        0.04742
/%
       ifx            exx            eyy            ezz            exy            exz            eyz     
/%
        3.00000        0.15000       -0.03830       -0.03834       -0.00081       -0.00144        0.00023
/%
       ifx            fxx            fyy            fzz            fxy            fxz            fyz     
/%
        4.00000       -0.20647       -0.17854       -0.10033       16.31444       -0.04547       -0.26036
/%
       ifx            exx            eyy            ezz            exy            exz            eyz     
/%
        4.00000       -0.00017       -0.00026        0.00000        0.10000       -0.00079       -0.00181
/%
       ifx            fxx            fyy            fzz            fxy            fxz            fyz     
/%
        5.00000       -0.24860       -0.23936       -0.37713       -0.06347       16.44125       -0.22284
/%
       ifx            exx            eyy            ezz            exy            exz            eyz     
/%
        5.00000       -0.00047        0.00000       -0.00080       -0.00091        0.10000       -0.00099
/%
       ifx            fxx            fyy            fzz            fxy            fxz            fyz     
/%
        6.00000       -0.05112       -0.09782       -0.16680       -0.23214       -0.18759       16.28808
/%
       ifx            exx            eyy            ezz            exy            exz            eyz     
/%
        6.00000        0.00000       -0.00004       -0.00054       -0.00162       -0.00080        0.10000
/%
        0.60011        0.39989
	/%