       ifx            fxx            fyy            fzz            fxy            fxz            fyz     
/%
        1.00000        0.08033        0.08012       87.36831        0.01150        0.08635       -0.02043
/%
       ifx            exx            eyy            ezz            exy            exz            eyz     
/%
        1.00000       -0.03411       -0.03431        0.15000        0.00006        0.00034       -0.00027
/%
       ifx            fxx            fyy            fzz            fxy            fxz            fyz     
/%
        2.00000        0.08025       86.91176        0.07188       -0.14236       -0.00761        0.10547
/%
       ifx            exx            eyy            ezz            exy            exz            eyz     
/%
        2.00000       -0.03416        0.15000       -0.03415       -0.00068       -0.00002        0.00020
/%
       ifx            fxx            fyy            fzz            fxy            fxz            fyz     
/%
        3.00000       87.23250        0.08023        0.07093        0.03410       -0.08222       -0.01846
/%
       ifx            exx            eyy            ezz            exy            exz            eyz     
/%
        3.00000        0.15000       -0.03429       -0.03407        0.00014       -0.00031        0.00000
/%
       ifx            fxx            fyy            fzz            fxy            fxz            fyz     
/%
        4.00000       -0.01398       -0.11967       -0.02701       23.44693        0.03973        0.02562
/%
       ifx            exx            eyy            ezz            exy            exz            eyz     
/%
        4.00000        0.00003       -0.00020        0.00000        0.10000        0.00000        0.00014
/%
       ifx            fxx            fyy            fzz            fxy            fxz            fyz     
/%
        5.00000       -0.06430       -0.00718        0.04821        0.02118       23.53508       -0.05284
/%
       ifx            exx            eyy            ezz            exy            exz            eyz     
/%
        5.00000       -0.00013        0.00000        0.00013       -0.00007        0.10000       -0.00025
/%
       ifx            fxx            fyy            fzz            fxy            fxz            fyz     
/%
        6.00000        0.00063        0.04919        0.02702       -0.02832       -0.05129       23.52821
/%
       ifx            exx            eyy            ezz            exy            exz            eyz     
/%
        6.00000        0.00000        0.00001       -0.00003       -0.00011       -0.00025        0.10000
/%
        0.89314        0.10686
	/%
