       ifx            fxx            fyy            fzz            fxy            fxz            fyz     
/%
        1.00000        0.05085        0.06485       49.07120       -0.04103       -0.12161       -0.02441
/%
       ifx            exx            eyy            ezz            exy            exz            eyz     
/%
        1.00000       -0.04105       -0.04032        0.15000        0.00021       -0.00122       -0.00035
/%
       ifx            fxx            fyy            fzz            fxy            fxz            fyz     
/%
        2.00000        0.05608       50.07458        0.03652        0.05250        0.06202        0.19087
/%
       ifx            exx            eyy            ezz            exy            exz            eyz     
/%
        2.00000       -0.04085        0.15000       -0.04121       -0.00031        0.00027        0.00082
/%
       ifx            fxx            fyy            fzz            fxy            fxz            fyz     
/%
        3.00000       49.63203        0.05946        0.03295       -0.00285       -0.13032       -0.03909
/%
       ifx            exx            eyy            ezz            exy            exz            eyz     
/%
        3.00000        0.15000       -0.04047       -0.04157       -0.00071       -0.00059        0.00003
/%
       ifx            fxx            fyy            fzz            fxy            fxz            fyz     
/%
        4.00000       -0.05735       -0.07773       -0.08447       12.89228        0.09355       -0.10687
/%
       ifx            exx            eyy            ezz            exy            exz            eyz     
/%
        4.00000       -0.00022       -0.00031        0.00000        0.10000        0.00052       -0.00103
/%
       ifx            fxx            fyy            fzz            fxy            fxz            fyz     
/%
        5.00000       -0.18043       -0.07876       -0.17883        0.06056       12.61319       -0.03666
/%
       ifx            exx            eyy            ezz            exy            exz            eyz     
/%
        5.00000       -0.00022        0.00000       -0.00039        0.00028        0.10000       -0.00053
/%
       ifx            fxx            fyy            fzz            fxy            fxz            fyz     
/%
        6.00000        0.02470        0.12326        0.07985       -0.13635       -0.02455       12.61438
/%
       ifx            exx            eyy            ezz            exy            exz            eyz     
/%
        6.00000        0.00000        0.00012        0.00005       -0.00120       -0.00043        0.10000
/%
        0.39619        0.60381
	/%
